<?xml version="1.0" encoding="UTF-8"?>
<testsuites name="jest tests" tests="1" failures="0" errors="0" time="3.617">
  <testsuite name="src\App.test.js" errors="0" failures="0" skipped="0" timestamp="2026-06-01T14:20:58" time="2.545" tests="1">
    <testcase classname="-renders learn Jenkins link" name="-renders learn Jenkins link" time="0.026">
    </testcase>
  </testsuite>
  

  
</testsuites>